Archive member included because of file (symbol)

a:/programming/embedded/drive/imt_sdk/imt_sdk_win_64/winavr/bin/../lib/gcc/avr/4.3.3/avr5\libgcc.a(_udivmodqi4.o)
                              ./SRC/HAL/Lcd/Lcd.o (__udivmodqi4)
a:/programming/embedded/drive/imt_sdk/imt_sdk_win_64/winavr/bin/../lib/gcc/avr/4.3.3/avr5\libgcc.a(_exit.o)
                              a:/programming/embedded/drive/imt_sdk/imt_sdk_win_64/winavr/bin/../lib/gcc/avr/4.3.3/../../../../avr/lib/avr5/crtm32.o (exit)
a:/programming/embedded/drive/imt_sdk/imt_sdk_win_64/winavr/bin/../lib/gcc/avr/4.3.3/avr5\libgcc.a(_copy_data.o)
                              ./SRC/HAL/seg_7/Seg_7.o (__do_copy_data)
a:/programming/embedded/drive/imt_sdk/imt_sdk_win_64/winavr/bin/../lib/gcc/avr/4.3.3/avr5\libgcc.a(_clear_bss.o)
                              ./SRC/MCAL/UART/UART.o (__do_clear_bss)
a:/programming/embedded/drive/imt_sdk/imt_sdk_win_64/winavr/bin/../lib/gcc/avr/4.3.3/avr5\libgcc.a(_fixunssfsi.o)
                              ./SRC/HAL/Stepper/Stepper.o (__fixunssfsi)
a:/programming/embedded/drive/imt_sdk/imt_sdk_win_64/winavr/bin/../lib/gcc/avr/4.3.3/avr5\libgcc.a(_addsub_sf.o)
                              a:/programming/embedded/drive/imt_sdk/imt_sdk_win_64/winavr/bin/../lib/gcc/avr/4.3.3/avr5\libgcc.a(_fixunssfsi.o) (__subsf3)
a:/programming/embedded/drive/imt_sdk/imt_sdk_win_64/winavr/bin/../lib/gcc/avr/4.3.3/avr5\libgcc.a(_mul_sf.o)
                              ./SRC/HAL/Stepper/Stepper.o (__mulsf3)
a:/programming/embedded/drive/imt_sdk/imt_sdk_win_64/winavr/bin/../lib/gcc/avr/4.3.3/avr5\libgcc.a(_gt_sf.o)
                              ./SRC/HAL/Stepper/Stepper.o (__gtsf2)
a:/programming/embedded/drive/imt_sdk/imt_sdk_win_64/winavr/bin/../lib/gcc/avr/4.3.3/avr5\libgcc.a(_ge_sf.o)
                              a:/programming/embedded/drive/imt_sdk/imt_sdk_win_64/winavr/bin/../lib/gcc/avr/4.3.3/avr5\libgcc.a(_fixunssfsi.o) (__gesf2)
a:/programming/embedded/drive/imt_sdk/imt_sdk_win_64/winavr/bin/../lib/gcc/avr/4.3.3/avr5\libgcc.a(_lt_sf.o)
                              ./SRC/HAL/Stepper/Stepper.o (__ltsf2)
a:/programming/embedded/drive/imt_sdk/imt_sdk_win_64/winavr/bin/../lib/gcc/avr/4.3.3/avr5\libgcc.a(_sf_to_si.o)
                              a:/programming/embedded/drive/imt_sdk/imt_sdk_win_64/winavr/bin/../lib/gcc/avr/4.3.3/avr5\libgcc.a(_fixunssfsi.o) (__fixsfsi)
a:/programming/embedded/drive/imt_sdk/imt_sdk_win_64/winavr/bin/../lib/gcc/avr/4.3.3/avr5\libgcc.a(_thenan_sf.o)
                              a:/programming/embedded/drive/imt_sdk/imt_sdk_win_64/winavr/bin/../lib/gcc/avr/4.3.3/avr5\libgcc.a(_addsub_sf.o) (__thenan_sf)
a:/programming/embedded/drive/imt_sdk/imt_sdk_win_64/winavr/bin/../lib/gcc/avr/4.3.3/avr5\libgcc.a(_prologue.o)
                              a:/programming/embedded/drive/imt_sdk/imt_sdk_win_64/winavr/bin/../lib/gcc/avr/4.3.3/avr5\libgcc.a(_addsub_sf.o) (__prologue_saves__)
a:/programming/embedded/drive/imt_sdk/imt_sdk_win_64/winavr/bin/../lib/gcc/avr/4.3.3/avr5\libgcc.a(_epilogue.o)
                              a:/programming/embedded/drive/imt_sdk/imt_sdk_win_64/winavr/bin/../lib/gcc/avr/4.3.3/avr5\libgcc.a(_addsub_sf.o) (__epilogue_restores__)
a:/programming/embedded/drive/imt_sdk/imt_sdk_win_64/winavr/bin/../lib/gcc/avr/4.3.3/avr5\libgcc.a(_pack_sf.o)
                              a:/programming/embedded/drive/imt_sdk/imt_sdk_win_64/winavr/bin/../lib/gcc/avr/4.3.3/avr5\libgcc.a(_addsub_sf.o) (__pack_f)
a:/programming/embedded/drive/imt_sdk/imt_sdk_win_64/winavr/bin/../lib/gcc/avr/4.3.3/avr5\libgcc.a(_unpack_sf.o)
                              a:/programming/embedded/drive/imt_sdk/imt_sdk_win_64/winavr/bin/../lib/gcc/avr/4.3.3/avr5\libgcc.a(_addsub_sf.o) (__unpack_f)
a:/programming/embedded/drive/imt_sdk/imt_sdk_win_64/winavr/bin/../lib/gcc/avr/4.3.3/avr5\libgcc.a(_fpcmp_parts_sf.o)
                              a:/programming/embedded/drive/imt_sdk/imt_sdk_win_64/winavr/bin/../lib/gcc/avr/4.3.3/avr5\libgcc.a(_gt_sf.o) (__fpcmp_parts_f)

Allocating common symbols
Common symbol       size              file

Global_u8WaveFormGenerationMode
                    0x2               ./SRC/MCAL/TIMER/TIMER.o
Loc_u8BigDelayValueCounterMaxValue
                    0x1               ./SRC/MCAL/TIMER/TIMER.o

Memory Configuration

Name             Origin             Length             Attributes
text             0x00000000         0x00020000         xr
data             0x00800060         0x0000ffa0         rw !x
eeprom           0x00810000         0x00010000         rw !x
fuse             0x00820000         0x00000400         rw !x
lock             0x00830000         0x00000400         rw !x
signature        0x00840000         0x00000400         rw !x
*default*        0x00000000         0xffffffff

Linker script and memory map

LOAD a:/programming/embedded/drive/imt_sdk/imt_sdk_win_64/winavr/bin/../lib/gcc/avr/4.3.3/../../../../avr/lib/avr5/crtm32.o
LOAD ./SRC/MCAL/UART/UART.o
LOAD ./SRC/MCAL/TIMER/TIMER.o
LOAD ./SRC/MCAL/SPI/SPI.o
LOAD ./SRC/MCAL/GIE/GIE.o
LOAD ./SRC/MCAL/EXTINT/EXTINT.o
LOAD ./SRC/MCAL/DIO/DIO.o
LOAD ./SRC/MCAL/DIO/DIO_cfg.o
LOAD ./SRC/MCAL/ADC/ADC.o
LOAD ./SRC/HAL/seg_7/Seg_7.o
LOAD ./SRC/HAL/Stepper/Stepper.o
LOAD ./SRC/HAL/Led/Led.o
LOAD ./SRC/HAL/Lcd/Lcd.o
LOAD ./SRC/HAL/Keypad/Keypad.o
LOAD ./SRC/HAL/Button/Button.o
LOAD ./SRC/APP/main.o
LOAD ./SRC/APP/main2.o
LOAD ./SRC/APP/semicolon.o
LOAD a:/programming/embedded/drive/imt_sdk/imt_sdk_win_64/winavr/bin/../lib/gcc/avr/4.3.3/avr5\libgcc.a
LOAD a:/programming/embedded/drive/imt_sdk/imt_sdk_win_64/winavr/bin/../lib/gcc/avr/4.3.3/../../../../avr/lib/avr5\libc.a
LOAD a:/programming/embedded/drive/imt_sdk/imt_sdk_win_64/winavr/bin/../lib/gcc/avr/4.3.3/avr5\libgcc.a

.hash
 *(.hash)

.dynsym
 *(.dynsym)

.dynstr
 *(.dynstr)

.gnu.version
 *(.gnu.version)

.gnu.version_d
 *(.gnu.version_d)

.gnu.version_r
 *(.gnu.version_r)

.rel.init
 *(.rel.init)

.rela.init
 *(.rela.init)

.rel.text
 *(.rel.text)
 *(.rel.text.*)
 *(.rel.gnu.linkonce.t*)

.rela.text
 *(.rela.text)
 *(.rela.text.*)
 *(.rela.gnu.linkonce.t*)

.rel.fini
 *(.rel.fini)

.rela.fini
 *(.rela.fini)

.rel.rodata
 *(.rel.rodata)
 *(.rel.rodata.*)
 *(.rel.gnu.linkonce.r*)

.rela.rodata
 *(.rela.rodata)
 *(.rela.rodata.*)
 *(.rela.gnu.linkonce.r*)

.rel.data
 *(.rel.data)
 *(.rel.data.*)
 *(.rel.gnu.linkonce.d*)

.rela.data
 *(.rela.data)
 *(.rela.data.*)
 *(.rela.gnu.linkonce.d*)

.rel.ctors
 *(.rel.ctors)

.rela.ctors
 *(.rela.ctors)

.rel.dtors
 *(.rel.dtors)

.rela.dtors
 *(.rela.dtors)

.rel.got
 *(.rel.got)

.rela.got
 *(.rela.got)

.rel.bss
 *(.rel.bss)

.rela.bss
 *(.rela.bss)

.rel.plt
 *(.rel.plt)

.rela.plt
 *(.rela.plt)

.text           0x00000000     0x4fd8
 *(.vectors)
 .vectors       0x00000000       0x54 a:/programming/embedded/drive/imt_sdk/imt_sdk_win_64/winavr/bin/../lib/gcc/avr/4.3.3/../../../../avr/lib/avr5/crtm32.o
                0x00000000                __vectors
                0x00000000                __vector_default
 *(.vectors)
 *(.progmem.gcc*)
 *(.progmem*)
                0x00000054                . = ALIGN (0x2)
                0x00000054                __trampolines_start = .
 *(.trampolines)
 .trampolines   0x00000054        0x0 linker stubs
 *(.trampolines*)
                0x00000054                __trampolines_end = .
 *(.jumptables)
 *(.jumptables*)
 *(.lowtext)
 *(.lowtext*)
                0x00000054                __ctors_start = .
 *(.ctors)
                0x00000054                __ctors_end = .
                0x00000054                __dtors_start = .
 *(.dtors)
                0x00000054                __dtors_end = .
 SORT(*)(.ctors)
 SORT(*)(.dtors)
 *(.init0)
 .init0         0x00000054        0x0 a:/programming/embedded/drive/imt_sdk/imt_sdk_win_64/winavr/bin/../lib/gcc/avr/4.3.3/../../../../avr/lib/avr5/crtm32.o
                0x00000054                __init
 *(.init0)
 *(.init1)
 *(.init1)
 *(.init2)
 .init2         0x00000054        0xc a:/programming/embedded/drive/imt_sdk/imt_sdk_win_64/winavr/bin/../lib/gcc/avr/4.3.3/../../../../avr/lib/avr5/crtm32.o
 *(.init2)
 *(.init3)
 *(.init3)
 *(.init4)
 .init4         0x00000060       0x16 a:/programming/embedded/drive/imt_sdk/imt_sdk_win_64/winavr/bin/../lib/gcc/avr/4.3.3/avr5\libgcc.a(_copy_data.o)
                0x00000060                __do_copy_data
 .init4         0x00000076       0x10 a:/programming/embedded/drive/imt_sdk/imt_sdk_win_64/winavr/bin/../lib/gcc/avr/4.3.3/avr5\libgcc.a(_clear_bss.o)
                0x00000076                __do_clear_bss
 *(.init4)
 *(.init5)
 *(.init5)
 *(.init6)
 *(.init6)
 *(.init7)
 *(.init7)
 *(.init8)
 *(.init8)
 *(.init9)
 .init9         0x00000086        0x8 a:/programming/embedded/drive/imt_sdk/imt_sdk_win_64/winavr/bin/../lib/gcc/avr/4.3.3/../../../../avr/lib/avr5/crtm32.o
 *(.init9)
 *(.text)
 .text          0x0000008e        0x4 a:/programming/embedded/drive/imt_sdk/imt_sdk_win_64/winavr/bin/../lib/gcc/avr/4.3.3/../../../../avr/lib/avr5/crtm32.o
                0x0000008e                __vector_1
                0x0000008e                __vector_12
                0x0000008e                __bad_interrupt
                0x0000008e                __vector_6
                0x0000008e                __vector_3
                0x0000008e                __vector_11
                0x0000008e                __vector_13
                0x0000008e                __vector_17
                0x0000008e                __vector_19
                0x0000008e                __vector_5
                0x0000008e                __vector_4
                0x0000008e                __vector_9
                0x0000008e                __vector_2
                0x0000008e                __vector_15
                0x0000008e                __vector_8
                0x0000008e                __vector_14
                0x0000008e                __vector_10
                0x0000008e                __vector_16
                0x0000008e                __vector_18
                0x0000008e                __vector_20
 .text          0x00000092        0x0 ./SRC/MCAL/UART/UART.o
 .text          0x00000092        0x0 ./SRC/MCAL/TIMER/TIMER.o
 .text          0x00000092        0x0 ./SRC/MCAL/SPI/SPI.o
 .text          0x00000092        0x0 ./SRC/MCAL/GIE/GIE.o
 .text          0x00000092        0x0 ./SRC/MCAL/EXTINT/EXTINT.o
 .text          0x00000092        0x0 ./SRC/MCAL/DIO/DIO.o
 .text          0x00000092        0x0 ./SRC/MCAL/DIO/DIO_cfg.o
 .text          0x00000092        0x0 ./SRC/MCAL/ADC/ADC.o
 .text          0x00000092        0x0 ./SRC/HAL/seg_7/Seg_7.o
 .text          0x00000092        0x0 ./SRC/HAL/Stepper/Stepper.o
 .text          0x00000092        0x0 ./SRC/HAL/Led/Led.o
 .text          0x00000092        0x0 ./SRC/HAL/Lcd/Lcd.o
 .text          0x00000092        0x0 ./SRC/HAL/Keypad/Keypad.o
 .text          0x00000092        0x0 ./SRC/HAL/Button/Button.o
 .text          0x00000092        0x0 ./SRC/APP/main.o
 .text          0x00000092        0x0 ./SRC/APP/main2.o
 .text          0x00000092        0x0 ./SRC/APP/semicolon.o
 .text          0x00000092        0x0 a:/programming/embedded/drive/imt_sdk/imt_sdk_win_64/winavr/bin/../lib/gcc/avr/4.3.3/avr5\libgcc.a(_udivmodqi4.o)
 .text          0x00000092        0x0 a:/programming/embedded/drive/imt_sdk/imt_sdk_win_64/winavr/bin/../lib/gcc/avr/4.3.3/avr5\libgcc.a(_exit.o)
 .text          0x00000092        0x0 a:/programming/embedded/drive/imt_sdk/imt_sdk_win_64/winavr/bin/../lib/gcc/avr/4.3.3/avr5\libgcc.a(_copy_data.o)
 .text          0x00000092        0x0 a:/programming/embedded/drive/imt_sdk/imt_sdk_win_64/winavr/bin/../lib/gcc/avr/4.3.3/avr5\libgcc.a(_clear_bss.o)
 .text          0x00000092       0x58 a:/programming/embedded/drive/imt_sdk/imt_sdk_win_64/winavr/bin/../lib/gcc/avr/4.3.3/avr5\libgcc.a(_fixunssfsi.o)
                0x00000092                __fixunssfsi
 .text          0x000000ea      0x354 a:/programming/embedded/drive/imt_sdk/imt_sdk_win_64/winavr/bin/../lib/gcc/avr/4.3.3/avr5\libgcc.a(_addsub_sf.o)
                0x00000382                __subsf3
                0x000003e4                __addsf3
 .text          0x0000043e      0x1f4 a:/programming/embedded/drive/imt_sdk/imt_sdk_win_64/winavr/bin/../lib/gcc/avr/4.3.3/avr5\libgcc.a(_mul_sf.o)
                0x0000043e                __mulsf3
 .text          0x00000632       0x60 a:/programming/embedded/drive/imt_sdk/imt_sdk_win_64/winavr/bin/../lib/gcc/avr/4.3.3/avr5\libgcc.a(_gt_sf.o)
                0x00000632                __gtsf2
 .text          0x00000692       0x60 a:/programming/embedded/drive/imt_sdk/imt_sdk_win_64/winavr/bin/../lib/gcc/avr/4.3.3/avr5\libgcc.a(_ge_sf.o)
                0x00000692                __gesf2
 .text          0x000006f2       0x60 a:/programming/embedded/drive/imt_sdk/imt_sdk_win_64/winavr/bin/../lib/gcc/avr/4.3.3/avr5\libgcc.a(_lt_sf.o)
                0x000006f2                __ltsf2
 .text          0x00000752       0xa8 a:/programming/embedded/drive/imt_sdk/imt_sdk_win_64/winavr/bin/../lib/gcc/avr/4.3.3/avr5\libgcc.a(_sf_to_si.o)
                0x00000752                __fixsfsi
 .text          0x000007fa        0x0 a:/programming/embedded/drive/imt_sdk/imt_sdk_win_64/winavr/bin/../lib/gcc/avr/4.3.3/avr5\libgcc.a(_thenan_sf.o)
 .text          0x000007fa        0x0 a:/programming/embedded/drive/imt_sdk/imt_sdk_win_64/winavr/bin/../lib/gcc/avr/4.3.3/avr5\libgcc.a(_prologue.o)
 .text          0x000007fa        0x0 a:/programming/embedded/drive/imt_sdk/imt_sdk_win_64/winavr/bin/../lib/gcc/avr/4.3.3/avr5\libgcc.a(_epilogue.o)
 .text          0x000007fa      0x1aa a:/programming/embedded/drive/imt_sdk/imt_sdk_win_64/winavr/bin/../lib/gcc/avr/4.3.3/avr5\libgcc.a(_pack_sf.o)
                0x000007fa                __pack_f
 .text          0x000009a4       0xf0 a:/programming/embedded/drive/imt_sdk/imt_sdk_win_64/winavr/bin/../lib/gcc/avr/4.3.3/avr5\libgcc.a(_unpack_sf.o)
                0x000009a4                __unpack_f
 .text          0x00000a94       0xb2 a:/programming/embedded/drive/imt_sdk/imt_sdk_win_64/winavr/bin/../lib/gcc/avr/4.3.3/avr5\libgcc.a(_fpcmp_parts_sf.o)
                0x00000a94                __fpcmp_parts_f
                0x00000b46                . = ALIGN (0x2)
 *(.text.*)
 .text.UART_voidInit
                0x00000b46      0x36e ./SRC/MCAL/UART/UART.o
                0x00000b46                UART_voidInit
 .text.UART_voidSendChar
                0x00000eb4       0x48 ./SRC/MCAL/UART/UART.o
                0x00000eb4                UART_voidSendChar
 .text.UART_u8GetChar
                0x00000efc       0x40 ./SRC/MCAL/UART/UART.o
                0x00000efc                UART_u8GetChar
 .text.TIMER_voidTimerInit
                0x00000f3c      0xafe ./SRC/MCAL/TIMER/TIMER.o
                0x00000f3c                TIMER_voidTimerInit
 .text.TIMER_voidPwmOn
                0x00001a3a       0xde ./SRC/MCAL/TIMER/TIMER.o
                0x00001a3a                TIMER_voidPwmOn
 .text.TIMER_voidTimer1SetTopValue
                0x00001b18       0x3a ./SRC/MCAL/TIMER/TIMER.o
                0x00001b18                TIMER_voidTimer1SetTopValue
 .text.TIMER_voidCTCcfg
                0x00001b52       0xa8 ./SRC/MCAL/TIMER/TIMER.o
                0x00001b52                TIMER_voidCTCcfg
 .text.TIMER_voidTimerOff
                0x00001bfa       0x7e ./SRC/MCAL/TIMER/TIMER.o
                0x00001bfa                TIMER_voidTimerOff
 .text.TIMER_voidTimerOn
                0x00001c78      0x2f4 ./SRC/MCAL/TIMER/TIMER.o
                0x00001c78                TIMER_voidTimerOn
 .text.SPI_voidInit
                0x00001f6c      0x1ae ./SRC/MCAL/SPI/SPI.o
                0x00001f6c                SPI_voidInit
 .text.SPI_u8Tranceive
                0x0000211a       0x50 ./SRC/MCAL/SPI/SPI.o
                0x0000211a                SPI_u8Tranceive
 .text.GIE_voidGlobalInterruptEnable
                0x0000216a       0x1c ./SRC/MCAL/GIE/GIE.o
                0x0000216a                GIE_voidGlobalInterruptEnable
 .text.GIE_voidGlobalInterruptDisable
                0x00002186       0x1c ./SRC/MCAL/GIE/GIE.o
                0x00002186                GIE_voidGlobalInterruptDisable
 .text.EXTINT_voidEnable
                0x000021a2      0x2ce ./SRC/MCAL/EXTINT/EXTINT.o
                0x000021a2                EXTINT_voidEnable
 .text.EXTINT_voidDisable
                0x00002470       0x78 ./SRC/MCAL/EXTINT/EXTINT.o
                0x00002470                EXTINT_voidDisable
 .text.DIO_enuSetPinValue
                0x000024e8      0x21a ./SRC/MCAL/DIO/DIO.o
                0x000024e8                DIO_enuSetPinValue
 .text.DIO_enuSetPinDirection
                0x00002702      0x21a ./SRC/MCAL/DIO/DIO.o
                0x00002702                DIO_enuSetPinDirection
 .text.DIO_u8GetPinValue
                0x0000291c      0x128 ./SRC/MCAL/DIO/DIO.o
                0x0000291c                DIO_u8GetPinValue
 .text.DIO_enuSetPortDirection
                0x00002a44       0x96 ./SRC/MCAL/DIO/DIO.o
                0x00002a44                DIO_enuSetPortDirection
 .text.DIO_enuSetPortValue
                0x00002ada       0x96 ./SRC/MCAL/DIO/DIO.o
                0x00002ada                DIO_enuSetPortValue
 .text.ADC_voidInit
                0x00002b70       0x70 ./SRC/MCAL/ADC/ADC.o
                0x00002b70                ADC_voidInit
 .text.ADC_voidGetRead
                0x00002be0       0x80 ./SRC/MCAL/ADC/ADC.o
                0x00002be0                ADC_voidGetRead
 .text.ADC_voidDisable
                0x00002c60       0x1c ./SRC/MCAL/ADC/ADC.o
                0x00002c60                ADC_voidDisable
 .text.Seg_vidInit
                0x00002c7c       0x26 ./SRC/HAL/seg_7/Seg_7.o
                0x00002c7c                Seg_vidInit
 .text.Seg_vidOn
                0x00002ca2       0x7c ./SRC/HAL/seg_7/Seg_7.o
                0x00002ca2                Seg_vidOn
 .text.Stepper_voidInit
                0x00002d1e       0x34 ./SRC/HAL/Stepper/Stepper.o
                0x00002d1e                Stepper_voidInit
 .text.Stepper_voidOn
                0x00002d52      0x2bc ./SRC/HAL/Stepper/Stepper.o
                0x00002d52                Stepper_voidOn
 .text.Led_vidLedInit
                0x0000300e       0x2e ./SRC/HAL/Led/Led.o
                0x0000300e                Led_vidLedInit
 .text.Led_vidOn
                0x0000303c       0x72 ./SRC/HAL/Led/Led.o
                0x0000303c                Led_vidOn
 .text.Led_vidOff
                0x000030ae       0x72 ./SRC/HAL/Led/Led.o
                0x000030ae                Led_vidOff
 .text.Led_vidToggle
                0x00003120       0xe8 ./SRC/HAL/Led/Led.o
                0x00003120                Led_vidToggle
 .text.Lcd_vidEnablePulse
                0x00003208      0x136 ./SRC/HAL/Lcd/Lcd.o
                0x00003208                Lcd_vidEnablePulse
 .text.Lcd_vidSendCommand
                0x0000333e       0x46 ./SRC/HAL/Lcd/Lcd.o
                0x0000333e                Lcd_vidSendCommand
 .text.Lcd_vidSendData
                0x00003384       0x46 ./SRC/HAL/Lcd/Lcd.o
                0x00003384                Lcd_vidSendData
 .text.Lcd_vidInit
                0x000033ca      0x350 ./SRC/HAL/Lcd/Lcd.o
                0x000033ca                Lcd_vidInit
 .text.Lcd_CLR  0x0000371a       0x22 ./SRC/HAL/Lcd/Lcd.o
                0x0000371a                Lcd_CLR
 .text.Lcd_WriteLetter
                0x0000373c       0x32 ./SRC/HAL/Lcd/Lcd.o
                0x0000373c                Lcd_WriteLetter
 .text.Lcd_WriteString
                0x0000376e       0x62 ./SRC/HAL/Lcd/Lcd.o
                0x0000376e                Lcd_WriteString
 .text.Lcd_WriteNumber
                0x000037d0       0xd6 ./SRC/HAL/Lcd/Lcd.o
                0x000037d0                Lcd_WriteNumber
 .text.Lcd_GotoPosition
                0x000038a6       0x68 ./SRC/HAL/Lcd/Lcd.o
                0x000038a6                Lcd_GotoPosition
 .text.Keypad_vidInit
                0x0000390e       0x30 ./SRC/HAL/Keypad/Keypad.o
                0x0000390e                Keypad_vidInit
 .text.Keypad_u8GetPressedKey
                0x0000393e       0xf2 ./SRC/HAL/Keypad/Keypad.o
                0x0000393e                Keypad_u8GetPressedKey
 .text.Button_vidButtonInit
                0x00003a30       0x44 ./SRC/HAL/Button/Button.o
                0x00003a30                Button_vidButtonInit
 .text.Button_u8ButtonRead
                0x00003a74       0x54 ./SRC/HAL/Button/Button.o
                0x00003a74                Button_u8ButtonRead
 .text.__vector_7
                0x00003ac8       0x6a ./SRC/APP/semicolon.o
                0x00003ac8                __vector_7
 .text.main     0x00003b32      0x2fa ./SRC/APP/semicolon.o
                0x00003b32                main
 .text.RTC_voidDisplay
                0x00003e2c      0x860 ./SRC/APP/semicolon.o
                0x00003e2c                RTC_voidDisplay
 .text.RTC_u8SetClockTime
                0x0000468c      0x7e8 ./SRC/APP/semicolon.o
                0x0000468c                RTC_u8SetClockTime
 .text.RTC_voidUpdateClockTime
                0x00004e74       0xda ./SRC/APP/semicolon.o
                0x00004e74                RTC_voidUpdateClockTime
 .text.libgcc   0x00004f4e       0x18 a:/programming/embedded/drive/imt_sdk/imt_sdk_win_64/winavr/bin/../lib/gcc/avr/4.3.3/avr5\libgcc.a(_udivmodqi4.o)
                0x00004f4e                __udivmodqi4
 .text.libgcc   0x00004f66        0x0 a:/programming/embedded/drive/imt_sdk/imt_sdk_win_64/winavr/bin/../lib/gcc/avr/4.3.3/avr5\libgcc.a(_exit.o)
 .text.libgcc   0x00004f66        0x0 a:/programming/embedded/drive/imt_sdk/imt_sdk_win_64/winavr/bin/../lib/gcc/avr/4.3.3/avr5\libgcc.a(_copy_data.o)
 .text.libgcc   0x00004f66        0x0 a:/programming/embedded/drive/imt_sdk/imt_sdk_win_64/winavr/bin/../lib/gcc/avr/4.3.3/avr5\libgcc.a(_clear_bss.o)
 .text.libgcc   0x00004f66       0x38 a:/programming/embedded/drive/imt_sdk/imt_sdk_win_64/winavr/bin/../lib/gcc/avr/4.3.3/avr5\libgcc.a(_prologue.o)
                0x00004f66                __prologue_saves__
 .text.libgcc   0x00004f9e       0x36 a:/programming/embedded/drive/imt_sdk/imt_sdk_win_64/winavr/bin/../lib/gcc/avr/4.3.3/avr5\libgcc.a(_epilogue.o)
                0x00004f9e                __epilogue_restores__
                0x00004fd4                . = ALIGN (0x2)
 *(.fini9)
 .fini9         0x00004fd4        0x0 a:/programming/embedded/drive/imt_sdk/imt_sdk_win_64/winavr/bin/../lib/gcc/avr/4.3.3/avr5\libgcc.a(_exit.o)
                0x00004fd4                exit
                0x00004fd4                _exit
 *(.fini9)
 *(.fini8)
 *(.fini8)
 *(.fini7)
 *(.fini7)
 *(.fini6)
 *(.fini6)
 *(.fini5)
 *(.fini5)
 *(.fini4)
 *(.fini4)
 *(.fini3)
 *(.fini3)
 *(.fini2)
 *(.fini2)
 *(.fini1)
 *(.fini1)
 *(.fini0)
 .fini0         0x00004fd4        0x4 a:/programming/embedded/drive/imt_sdk/imt_sdk_win_64/winavr/bin/../lib/gcc/avr/4.3.3/avr5\libgcc.a(_exit.o)
 *(.fini0)
                0x00004fd8                _etext = .

.data           0x00800060       0xbe load address 0x00004fd8
                0x00800060                PROVIDE (__data_start, .)
 *(.data)
 .data          0x00800060        0x0 a:/programming/embedded/drive/imt_sdk/imt_sdk_win_64/winavr/bin/../lib/gcc/avr/4.3.3/../../../../avr/lib/avr5/crtm32.o
 .data          0x00800060        0x0 ./SRC/MCAL/UART/UART.o
 .data          0x00800060        0x0 ./SRC/MCAL/TIMER/TIMER.o
 .data          0x00800060        0x0 ./SRC/MCAL/SPI/SPI.o
 .data          0x00800060        0x0 ./SRC/MCAL/GIE/GIE.o
 .data          0x00800060        0x0 ./SRC/MCAL/EXTINT/EXTINT.o
 .data          0x00800060        0x0 ./SRC/MCAL/DIO/DIO.o
 .data          0x00800060        0x0 ./SRC/MCAL/DIO/DIO_cfg.o
 .data          0x00800060        0x0 ./SRC/MCAL/ADC/ADC.o
 .data          0x00800060        0x0 ./SRC/HAL/seg_7/Seg_7.o
 .data          0x00800060        0x0 ./SRC/HAL/Stepper/Stepper.o
 .data          0x00800060        0x0 ./SRC/HAL/Led/Led.o
 .data          0x00800060        0x0 ./SRC/HAL/Lcd/Lcd.o
 .data          0x00800060        0x0 ./SRC/HAL/Keypad/Keypad.o
 .data          0x00800060        0x0 ./SRC/HAL/Button/Button.o
 .data          0x00800060        0x0 ./SRC/APP/main.o
 .data          0x00800060        0x0 ./SRC/APP/main2.o
 .data          0x00800060        0x0 ./SRC/APP/semicolon.o
 .data          0x00800060        0x0 a:/programming/embedded/drive/imt_sdk/imt_sdk_win_64/winavr/bin/../lib/gcc/avr/4.3.3/avr5\libgcc.a(_udivmodqi4.o)
 .data          0x00800060        0x0 a:/programming/embedded/drive/imt_sdk/imt_sdk_win_64/winavr/bin/../lib/gcc/avr/4.3.3/avr5\libgcc.a(_exit.o)
 .data          0x00800060        0x0 a:/programming/embedded/drive/imt_sdk/imt_sdk_win_64/winavr/bin/../lib/gcc/avr/4.3.3/avr5\libgcc.a(_copy_data.o)
 .data          0x00800060        0x0 a:/programming/embedded/drive/imt_sdk/imt_sdk_win_64/winavr/bin/../lib/gcc/avr/4.3.3/avr5\libgcc.a(_clear_bss.o)
 .data          0x00800060        0x0 a:/programming/embedded/drive/imt_sdk/imt_sdk_win_64/winavr/bin/../lib/gcc/avr/4.3.3/avr5\libgcc.a(_fixunssfsi.o)
 .data          0x00800060        0x0 a:/programming/embedded/drive/imt_sdk/imt_sdk_win_64/winavr/bin/../lib/gcc/avr/4.3.3/avr5\libgcc.a(_addsub_sf.o)
 .data          0x00800060        0x0 a:/programming/embedded/drive/imt_sdk/imt_sdk_win_64/winavr/bin/../lib/gcc/avr/4.3.3/avr5\libgcc.a(_mul_sf.o)
 .data          0x00800060        0x0 a:/programming/embedded/drive/imt_sdk/imt_sdk_win_64/winavr/bin/../lib/gcc/avr/4.3.3/avr5\libgcc.a(_gt_sf.o)
 .data          0x00800060        0x0 a:/programming/embedded/drive/imt_sdk/imt_sdk_win_64/winavr/bin/../lib/gcc/avr/4.3.3/avr5\libgcc.a(_ge_sf.o)
 .data          0x00800060        0x0 a:/programming/embedded/drive/imt_sdk/imt_sdk_win_64/winavr/bin/../lib/gcc/avr/4.3.3/avr5\libgcc.a(_lt_sf.o)
 .data          0x00800060        0x0 a:/programming/embedded/drive/imt_sdk/imt_sdk_win_64/winavr/bin/../lib/gcc/avr/4.3.3/avr5\libgcc.a(_sf_to_si.o)
 .data          0x00800060        0x8 a:/programming/embedded/drive/imt_sdk/imt_sdk_win_64/winavr/bin/../lib/gcc/avr/4.3.3/avr5\libgcc.a(_thenan_sf.o)
                0x00800060                __thenan_sf
 .data          0x00800068        0x0 a:/programming/embedded/drive/imt_sdk/imt_sdk_win_64/winavr/bin/../lib/gcc/avr/4.3.3/avr5\libgcc.a(_prologue.o)
 .data          0x00800068        0x0 a:/programming/embedded/drive/imt_sdk/imt_sdk_win_64/winavr/bin/../lib/gcc/avr/4.3.3/avr5\libgcc.a(_epilogue.o)
 .data          0x00800068        0x0 a:/programming/embedded/drive/imt_sdk/imt_sdk_win_64/winavr/bin/../lib/gcc/avr/4.3.3/avr5\libgcc.a(_pack_sf.o)
 .data          0x00800068        0x0 a:/programming/embedded/drive/imt_sdk/imt_sdk_win_64/winavr/bin/../lib/gcc/avr/4.3.3/avr5\libgcc.a(_unpack_sf.o)
 .data          0x00800068        0x0 a:/programming/embedded/drive/imt_sdk/imt_sdk_win_64/winavr/bin/../lib/gcc/avr/4.3.3/avr5\libgcc.a(_fpcmp_parts_sf.o)
 *(.data*)
 .data.segment_7
                0x00800068        0xa ./SRC/HAL/seg_7/Seg_7.o
                0x00800068                segment_7
 .data.Keypad_arrCfg
                0x00800072       0x10 ./SRC/HAL/Keypad/Keypad.o
                0x00800072                Keypad_arrCfg
 .data.Lcd1     0x00800082        0x5 ./SRC/APP/semicolon.o
                0x00800082                Lcd1
 .data.Keypad1  0x00800087        0x1 ./SRC/APP/semicolon.o
                0x00800087                Keypad1
 .data.segments
                0x00800088        0x1 ./SRC/APP/semicolon.o
                0x00800088                segments
 .data.Intro_line1
                0x00800089        0xe ./SRC/APP/semicolon.o
                0x00800089                Intro_line1
 .data.Intro_line2
                0x00800097        0xe ./SRC/APP/semicolon.o
                0x00800097                Intro_line2
 .data.EnterHours
                0x008000a5        0xe ./SRC/APP/semicolon.o
                0x008000a5                EnterHours
 .data.EnterMin
                0x008000b3        0xd ./SRC/APP/semicolon.o
                0x008000b3                EnterMin
 .data.EnterSec
                0x008000c0        0xd ./SRC/APP/semicolon.o
                0x008000c0                EnterSec
 .data.InClockMode
                0x008000cd        0xb ./SRC/APP/semicolon.o
                0x008000cd                InClockMode
 .data.ClockModeExit
                0x008000d8        0xe ./SRC/APP/semicolon.o
                0x008000d8                ClockModeExit
 .data.ThankYou
                0x008000e6        0x7 ./SRC/APP/semicolon.o
                0x008000e6                ThankYou
 .data.InTimerMode
                0x008000ed        0xb ./SRC/APP/semicolon.o
                0x008000ed                InTimerMode
 .data.TimerModeExit
                0x008000f8       0x10 ./SRC/APP/semicolon.o
                0x008000f8                TimerModeExit
 .data.WrongChoice
                0x00800108        0xf ./SRC/APP/semicolon.o
                0x00800108                WrongChoice
 *(.rodata)
 *(.rodata*)
 .rodata.C.9.1493
                0x00800117        0x6 ./SRC/APP/semicolon.o
 *(.gnu.linkonce.d*)
                0x0080011e                . = ALIGN (0x2)
 *fill*         0x0080011d        0x1 00
                0x0080011e                _edata = .
                0x0080011e                PROVIDE (__data_end, .)

.bss            0x0080011e       0x12
                0x0080011e                PROVIDE (__bss_start, .)
 *(.bss)
 .bss           0x0080011e        0x0 a:/programming/embedded/drive/imt_sdk/imt_sdk_win_64/winavr/bin/../lib/gcc/avr/4.3.3/../../../../avr/lib/avr5/crtm32.o
 .bss           0x0080011e        0x0 ./SRC/MCAL/UART/UART.o
 .bss           0x0080011e        0x0 ./SRC/MCAL/TIMER/TIMER.o
 .bss           0x0080011e        0x0 ./SRC/MCAL/SPI/SPI.o
 .bss           0x0080011e        0x0 ./SRC/MCAL/GIE/GIE.o
 .bss           0x0080011e        0x0 ./SRC/MCAL/EXTINT/EXTINT.o
 .bss           0x0080011e        0x0 ./SRC/MCAL/DIO/DIO.o
 .bss           0x0080011e        0x0 ./SRC/MCAL/DIO/DIO_cfg.o
 .bss           0x0080011e        0x0 ./SRC/MCAL/ADC/ADC.o
 .bss           0x0080011e        0x0 ./SRC/HAL/seg_7/Seg_7.o
 .bss           0x0080011e        0x0 ./SRC/HAL/Stepper/Stepper.o
 .bss           0x0080011e        0x0 ./SRC/HAL/Led/Led.o
 .bss           0x0080011e        0x0 ./SRC/HAL/Lcd/Lcd.o
 .bss           0x0080011e        0x0 ./SRC/HAL/Keypad/Keypad.o
 .bss           0x0080011e        0x0 ./SRC/HAL/Button/Button.o
 .bss           0x0080011e        0x0 ./SRC/APP/main.o
 .bss           0x0080011e        0x0 ./SRC/APP/main2.o
 .bss           0x0080011e        0x0 ./SRC/APP/semicolon.o
 .bss           0x0080011e        0x0 a:/programming/embedded/drive/imt_sdk/imt_sdk_win_64/winavr/bin/../lib/gcc/avr/4.3.3/avr5\libgcc.a(_udivmodqi4.o)
 .bss           0x0080011e        0x0 a:/programming/embedded/drive/imt_sdk/imt_sdk_win_64/winavr/bin/../lib/gcc/avr/4.3.3/avr5\libgcc.a(_exit.o)
 .bss           0x0080011e        0x0 a:/programming/embedded/drive/imt_sdk/imt_sdk_win_64/winavr/bin/../lib/gcc/avr/4.3.3/avr5\libgcc.a(_copy_data.o)
 .bss           0x0080011e        0x0 a:/programming/embedded/drive/imt_sdk/imt_sdk_win_64/winavr/bin/../lib/gcc/avr/4.3.3/avr5\libgcc.a(_clear_bss.o)
 .bss           0x0080011e        0x0 a:/programming/embedded/drive/imt_sdk/imt_sdk_win_64/winavr/bin/../lib/gcc/avr/4.3.3/avr5\libgcc.a(_fixunssfsi.o)
 .bss           0x0080011e        0x0 a:/programming/embedded/drive/imt_sdk/imt_sdk_win_64/winavr/bin/../lib/gcc/avr/4.3.3/avr5\libgcc.a(_addsub_sf.o)
 .bss           0x0080011e        0x0 a:/programming/embedded/drive/imt_sdk/imt_sdk_win_64/winavr/bin/../lib/gcc/avr/4.3.3/avr5\libgcc.a(_mul_sf.o)
 .bss           0x0080011e        0x0 a:/programming/embedded/drive/imt_sdk/imt_sdk_win_64/winavr/bin/../lib/gcc/avr/4.3.3/avr5\libgcc.a(_gt_sf.o)
 .bss           0x0080011e        0x0 a:/programming/embedded/drive/imt_sdk/imt_sdk_win_64/winavr/bin/../lib/gcc/avr/4.3.3/avr5\libgcc.a(_ge_sf.o)
 .bss           0x0080011e        0x0 a:/programming/embedded/drive/imt_sdk/imt_sdk_win_64/winavr/bin/../lib/gcc/avr/4.3.3/avr5\libgcc.a(_lt_sf.o)
 .bss           0x0080011e        0x0 a:/programming/embedded/drive/imt_sdk/imt_sdk_win_64/winavr/bin/../lib/gcc/avr/4.3.3/avr5\libgcc.a(_sf_to_si.o)
 .bss           0x0080011e        0x0 a:/programming/embedded/drive/imt_sdk/imt_sdk_win_64/winavr/bin/../lib/gcc/avr/4.3.3/avr5\libgcc.a(_thenan_sf.o)
 .bss           0x0080011e        0x0 a:/programming/embedded/drive/imt_sdk/imt_sdk_win_64/winavr/bin/../lib/gcc/avr/4.3.3/avr5\libgcc.a(_prologue.o)
 .bss           0x0080011e        0x0 a:/programming/embedded/drive/imt_sdk/imt_sdk_win_64/winavr/bin/../lib/gcc/avr/4.3.3/avr5\libgcc.a(_epilogue.o)
 .bss           0x0080011e        0x0 a:/programming/embedded/drive/imt_sdk/imt_sdk_win_64/winavr/bin/../lib/gcc/avr/4.3.3/avr5\libgcc.a(_pack_sf.o)
 .bss           0x0080011e        0x0 a:/programming/embedded/drive/imt_sdk/imt_sdk_win_64/winavr/bin/../lib/gcc/avr/4.3.3/avr5\libgcc.a(_unpack_sf.o)
 .bss           0x0080011e        0x0 a:/programming/embedded/drive/imt_sdk/imt_sdk_win_64/winavr/bin/../lib/gcc/avr/4.3.3/avr5\libgcc.a(_fpcmp_parts_sf.o)
 *(.bss*)
 .bss.Global_u8UBRRH_Value
                0x0080011e        0x1 ./SRC/MCAL/UART/UART.o
                0x0080011e                Global_u8UBRRH_Value
 .bss.Global_u8UCSRC_Value
                0x0080011f        0x1 ./SRC/MCAL/UART/UART.o
                0x0080011f                Global_u8UCSRC_Value
 .bss.Global_u16TimerClockPrescalerValue
                0x00800120        0x2 ./SRC/MCAL/TIMER/TIMER.o
                0x00800120                Global_u16TimerClockPrescalerValue
 .bss.Global_u8TickTimeValue
                0x00800122        0x4 ./SRC/MCAL/TIMER/TIMER.o
                0x00800122                Global_u8TickTimeValue
 .bss.Global_u16PeriodicTimeValue
                0x00800126        0x4 ./SRC/MCAL/TIMER/TIMER.o
                0x00800126                Global_u16PeriodicTimeValue
 .bss.Global_u8Seconds
                0x0080012a        0x1 ./SRC/APP/semicolon.o
                0x0080012a                Global_u8Seconds
 .bss.Global_u8Hours
                0x0080012b        0x1 ./SRC/APP/semicolon.o
                0x0080012b                Global_u8Hours
 .bss.Global_u8Minutes
                0x0080012c        0x1 ./SRC/APP/semicolon.o
                0x0080012c                Global_u8Minutes
 *(COMMON)
 COMMON         0x0080012d        0x3 ./SRC/MCAL/TIMER/TIMER.o
                0x0080012d                Global_u8WaveFormGenerationMode
                0x0080012f                Loc_u8BigDelayValueCounterMaxValue
                0x00800130                PROVIDE (__bss_end, .)
                0x00004fd8                __data_load_start = LOADADDR (.data)
                0x00005096                __data_load_end = (__data_load_start + SIZEOF (.data))

.noinit         0x00800130        0x0
                0x00800130                PROVIDE (__noinit_start, .)
 *(.noinit*)
                0x00800130                PROVIDE (__noinit_end, .)
                0x00800130                _end = .
                0x00800130                PROVIDE (__heap_start, .)

.eeprom         0x00810000        0x0
 *(.eeprom*)
                0x00810000                __eeprom_end = .

.fuse
 *(.fuse)
 *(.lfuse)
 *(.hfuse)
 *(.efuse)

.lock
 *(.lock*)

.signature
 *(.signature*)

.stab           0x00000000     0x57b4
 *(.stab)
 .stab          0x00000000      0x528 ./SRC/MCAL/UART/UART.o
 .stab          0x00000528      0x984 ./SRC/MCAL/TIMER/TIMER.o
                                0x990 (size before relaxing)
 .stab          0x00000eac      0x39c ./SRC/MCAL/SPI/SPI.o
                                0x3a8 (size before relaxing)
 .stab          0x00001248      0x234 ./SRC/MCAL/GIE/GIE.o
                                0x240 (size before relaxing)
 .stab          0x0000147c      0x3cc ./SRC/MCAL/EXTINT/EXTINT.o
                                0x3d8 (size before relaxing)
 .stab          0x00001848      0x6cc ./SRC/MCAL/DIO/DIO.o
                                0x6d8 (size before relaxing)
 .stab          0x00001f14       0xd8 ./SRC/MCAL/DIO/DIO_cfg.o
                                 0xe4 (size before relaxing)
 .stab          0x00001fec      0x33c ./SRC/MCAL/ADC/ADC.o
                                0x348 (size before relaxing)
 .stab          0x00002328      0x2dc ./SRC/HAL/seg_7/Seg_7.o
                                0x2e8 (size before relaxing)
 .stab          0x00002604      0x6a8 ./SRC/HAL/Stepper/Stepper.o
                                0x6b4 (size before relaxing)
 .stab          0x00002cac      0x438 ./SRC/HAL/Led/Led.o
                                0x444 (size before relaxing)
 .stab          0x000030e4      0x918 ./SRC/HAL/Lcd/Lcd.o
                                0xab0 (size before relaxing)
 .stab          0x000039fc      0x3fc ./SRC/HAL/Keypad/Keypad.o
                                0x594 (size before relaxing)
 .stab          0x00003df8      0x384 ./SRC/HAL/Button/Button.o
                                0x51c (size before relaxing)
 .stab          0x0000417c       0xd8 ./SRC/APP/main.o
                                 0xe4 (size before relaxing)
 .stab          0x00004254       0xd8 ./SRC/APP/main2.o
                                 0xe4 (size before relaxing)
 .stab          0x0000432c     0x1488 ./SRC/APP/semicolon.o
                               0x1620 (size before relaxing)

.stabstr        0x00000000     0x32de
 *(.stabstr)
 .stabstr       0x00000000     0x32de ./SRC/MCAL/UART/UART.o

.stab.excl
 *(.stab.excl)

.stab.exclstr
 *(.stab.exclstr)

.stab.index
 *(.stab.index)

.stab.indexstr
 *(.stab.indexstr)

.comment
 *(.comment)

.debug
 *(.debug)

.line
 *(.line)

.debug_srcinfo
 *(.debug_srcinfo)

.debug_sfnames
 *(.debug_sfnames)

.debug_aranges  0x00000000      0x140
 *(.debug_aranges)
 .debug_aranges
                0x00000000       0x20 a:/programming/embedded/drive/imt_sdk/imt_sdk_win_64/winavr/bin/../lib/gcc/avr/4.3.3/avr5\libgcc.a(_fixunssfsi.o)
 .debug_aranges
                0x00000020       0x20 a:/programming/embedded/drive/imt_sdk/imt_sdk_win_64/winavr/bin/../lib/gcc/avr/4.3.3/avr5\libgcc.a(_addsub_sf.o)
 .debug_aranges
                0x00000040       0x20 a:/programming/embedded/drive/imt_sdk/imt_sdk_win_64/winavr/bin/../lib/gcc/avr/4.3.3/avr5\libgcc.a(_mul_sf.o)
 .debug_aranges
                0x00000060       0x20 a:/programming/embedded/drive/imt_sdk/imt_sdk_win_64/winavr/bin/../lib/gcc/avr/4.3.3/avr5\libgcc.a(_gt_sf.o)
 .debug_aranges
                0x00000080       0x20 a:/programming/embedded/drive/imt_sdk/imt_sdk_win_64/winavr/bin/../lib/gcc/avr/4.3.3/avr5\libgcc.a(_ge_sf.o)
 .debug_aranges
                0x000000a0       0x20 a:/programming/embedded/drive/imt_sdk/imt_sdk_win_64/winavr/bin/../lib/gcc/avr/4.3.3/avr5\libgcc.a(_lt_sf.o)
 .debug_aranges
                0x000000c0       0x20 a:/programming/embedded/drive/imt_sdk/imt_sdk_win_64/winavr/bin/../lib/gcc/avr/4.3.3/avr5\libgcc.a(_sf_to_si.o)
 .debug_aranges
                0x000000e0       0x20 a:/programming/embedded/drive/imt_sdk/imt_sdk_win_64/winavr/bin/../lib/gcc/avr/4.3.3/avr5\libgcc.a(_pack_sf.o)
 .debug_aranges
                0x00000100       0x20 a:/programming/embedded/drive/imt_sdk/imt_sdk_win_64/winavr/bin/../lib/gcc/avr/4.3.3/avr5\libgcc.a(_unpack_sf.o)
 .debug_aranges
                0x00000120       0x20 a:/programming/embedded/drive/imt_sdk/imt_sdk_win_64/winavr/bin/../lib/gcc/avr/4.3.3/avr5\libgcc.a(_fpcmp_parts_sf.o)

.debug_pubnames
                0x00000000      0x170
 *(.debug_pubnames)
 .debug_pubnames
                0x00000000       0x23 a:/programming/embedded/drive/imt_sdk/imt_sdk_win_64/winavr/bin/../lib/gcc/avr/4.3.3/avr5\libgcc.a(_fixunssfsi.o)
 .debug_pubnames
                0x00000023       0x2c a:/programming/embedded/drive/imt_sdk/imt_sdk_win_64/winavr/bin/../lib/gcc/avr/4.3.3/avr5\libgcc.a(_addsub_sf.o)
 .debug_pubnames
                0x0000004f       0x1f a:/programming/embedded/drive/imt_sdk/imt_sdk_win_64/winavr/bin/../lib/gcc/avr/4.3.3/avr5\libgcc.a(_mul_sf.o)
 .debug_pubnames
                0x0000006e       0x1e a:/programming/embedded/drive/imt_sdk/imt_sdk_win_64/winavr/bin/../lib/gcc/avr/4.3.3/avr5\libgcc.a(_gt_sf.o)
 .debug_pubnames
                0x0000008c       0x1e a:/programming/embedded/drive/imt_sdk/imt_sdk_win_64/winavr/bin/../lib/gcc/avr/4.3.3/avr5\libgcc.a(_ge_sf.o)
 .debug_pubnames
                0x000000aa       0x1e a:/programming/embedded/drive/imt_sdk/imt_sdk_win_64/winavr/bin/../lib/gcc/avr/4.3.3/avr5\libgcc.a(_lt_sf.o)
 .debug_pubnames
                0x000000c8       0x20 a:/programming/embedded/drive/imt_sdk/imt_sdk_win_64/winavr/bin/../lib/gcc/avr/4.3.3/avr5\libgcc.a(_sf_to_si.o)
 .debug_pubnames
                0x000000e8       0x22 a:/programming/embedded/drive/imt_sdk/imt_sdk_win_64/winavr/bin/../lib/gcc/avr/4.3.3/avr5\libgcc.a(_thenan_sf.o)
 .debug_pubnames
                0x0000010a       0x1f a:/programming/embedded/drive/imt_sdk/imt_sdk_win_64/winavr/bin/../lib/gcc/avr/4.3.3/avr5\libgcc.a(_pack_sf.o)
 .debug_pubnames
                0x00000129       0x21 a:/programming/embedded/drive/imt_sdk/imt_sdk_win_64/winavr/bin/../lib/gcc/avr/4.3.3/avr5\libgcc.a(_unpack_sf.o)
 .debug_pubnames
                0x0000014a       0x26 a:/programming/embedded/drive/imt_sdk/imt_sdk_win_64/winavr/bin/../lib/gcc/avr/4.3.3/avr5\libgcc.a(_fpcmp_parts_sf.o)

.debug_info     0x00000000     0x1c49
 *(.debug_info)
 .debug_info    0x00000000       0xb1 a:/programming/embedded/drive/imt_sdk/imt_sdk_win_64/winavr/bin/../lib/gcc/avr/4.3.3/avr5\libgcc.a(_fixunssfsi.o)
 .debug_info    0x000000b1      0x47a a:/programming/embedded/drive/imt_sdk/imt_sdk_win_64/winavr/bin/../lib/gcc/avr/4.3.3/avr5\libgcc.a(_addsub_sf.o)
 .debug_info    0x0000052b      0x485 a:/programming/embedded/drive/imt_sdk/imt_sdk_win_64/winavr/bin/../lib/gcc/avr/4.3.3/avr5\libgcc.a(_mul_sf.o)
 .debug_info    0x000009b0      0x27f a:/programming/embedded/drive/imt_sdk/imt_sdk_win_64/winavr/bin/../lib/gcc/avr/4.3.3/avr5\libgcc.a(_gt_sf.o)
 .debug_info    0x00000c2f      0x27f a:/programming/embedded/drive/imt_sdk/imt_sdk_win_64/winavr/bin/../lib/gcc/avr/4.3.3/avr5\libgcc.a(_ge_sf.o)
 .debug_info    0x00000eae      0x27f a:/programming/embedded/drive/imt_sdk/imt_sdk_win_64/winavr/bin/../lib/gcc/avr/4.3.3/avr5\libgcc.a(_lt_sf.o)
 .debug_info    0x0000112d      0x2b0 a:/programming/embedded/drive/imt_sdk/imt_sdk_win_64/winavr/bin/../lib/gcc/avr/4.3.3/avr5\libgcc.a(_sf_to_si.o)
 .debug_info    0x000013dd      0x12c a:/programming/embedded/drive/imt_sdk/imt_sdk_win_64/winavr/bin/../lib/gcc/avr/4.3.3/avr5\libgcc.a(_thenan_sf.o)
 .debug_info    0x00001509      0x2df a:/programming/embedded/drive/imt_sdk/imt_sdk_win_64/winavr/bin/../lib/gcc/avr/4.3.3/avr5\libgcc.a(_pack_sf.o)
 .debug_info    0x000017e8      0x251 a:/programming/embedded/drive/imt_sdk/imt_sdk_win_64/winavr/bin/../lib/gcc/avr/4.3.3/avr5\libgcc.a(_unpack_sf.o)
 .debug_info    0x00001a39      0x210 a:/programming/embedded/drive/imt_sdk/imt_sdk_win_64/winavr/bin/../lib/gcc/avr/4.3.3/avr5\libgcc.a(_fpcmp_parts_sf.o)
 *(.gnu.linkonce.wi.*)

.debug_abbrev   0x00000000      0xeeb
 *(.debug_abbrev)
 .debug_abbrev  0x00000000       0x5d a:/programming/embedded/drive/imt_sdk/imt_sdk_win_64/winavr/bin/../lib/gcc/avr/4.3.3/avr5\libgcc.a(_fixunssfsi.o)
 .debug_abbrev  0x0000005d      0x1ea a:/programming/embedded/drive/imt_sdk/imt_sdk_win_64/winavr/bin/../lib/gcc/avr/4.3.3/avr5\libgcc.a(_addsub_sf.o)
 .debug_abbrev  0x00000247      0x21b a:/programming/embedded/drive/imt_sdk/imt_sdk_win_64/winavr/bin/../lib/gcc/avr/4.3.3/avr5\libgcc.a(_mul_sf.o)
 .debug_abbrev  0x00000462      0x15a a:/programming/embedded/drive/imt_sdk/imt_sdk_win_64/winavr/bin/../lib/gcc/avr/4.3.3/avr5\libgcc.a(_gt_sf.o)
 .debug_abbrev  0x000005bc      0x15a a:/programming/embedded/drive/imt_sdk/imt_sdk_win_64/winavr/bin/../lib/gcc/avr/4.3.3/avr5\libgcc.a(_ge_sf.o)
 .debug_abbrev  0x00000716      0x15a a:/programming/embedded/drive/imt_sdk/imt_sdk_win_64/winavr/bin/../lib/gcc/avr/4.3.3/avr5\libgcc.a(_lt_sf.o)
 .debug_abbrev  0x00000870      0x17f a:/programming/embedded/drive/imt_sdk/imt_sdk_win_64/winavr/bin/../lib/gcc/avr/4.3.3/avr5\libgcc.a(_sf_to_si.o)
 .debug_abbrev  0x000009ef       0xad a:/programming/embedded/drive/imt_sdk/imt_sdk_win_64/winavr/bin/../lib/gcc/avr/4.3.3/avr5\libgcc.a(_thenan_sf.o)
 .debug_abbrev  0x00000a9c      0x1c0 a:/programming/embedded/drive/imt_sdk/imt_sdk_win_64/winavr/bin/../lib/gcc/avr/4.3.3/avr5\libgcc.a(_pack_sf.o)
 .debug_abbrev  0x00000c5c      0x154 a:/programming/embedded/drive/imt_sdk/imt_sdk_win_64/winavr/bin/../lib/gcc/avr/4.3.3/avr5\libgcc.a(_unpack_sf.o)
 .debug_abbrev  0x00000db0      0x13b a:/programming/embedded/drive/imt_sdk/imt_sdk_win_64/winavr/bin/../lib/gcc/avr/4.3.3/avr5\libgcc.a(_fpcmp_parts_sf.o)

.debug_line     0x00000000      0xdad
 *(.debug_line)
 .debug_line    0x00000000       0xa7 a:/programming/embedded/drive/imt_sdk/imt_sdk_win_64/winavr/bin/../lib/gcc/avr/4.3.3/avr5\libgcc.a(_fixunssfsi.o)
 .debug_line    0x000000a7      0x2af a:/programming/embedded/drive/imt_sdk/imt_sdk_win_64/winavr/bin/../lib/gcc/avr/4.3.3/avr5\libgcc.a(_addsub_sf.o)
 .debug_line    0x00000356      0x239 a:/programming/embedded/drive/imt_sdk/imt_sdk_win_64/winavr/bin/../lib/gcc/avr/4.3.3/avr5\libgcc.a(_mul_sf.o)
 .debug_line    0x0000058f       0xd3 a:/programming/embedded/drive/imt_sdk/imt_sdk_win_64/winavr/bin/../lib/gcc/avr/4.3.3/avr5\libgcc.a(_gt_sf.o)
 .debug_line    0x00000662       0xd3 a:/programming/embedded/drive/imt_sdk/imt_sdk_win_64/winavr/bin/../lib/gcc/avr/4.3.3/avr5\libgcc.a(_ge_sf.o)
 .debug_line    0x00000735       0xd3 a:/programming/embedded/drive/imt_sdk/imt_sdk_win_64/winavr/bin/../lib/gcc/avr/4.3.3/avr5\libgcc.a(_lt_sf.o)
 .debug_line    0x00000808      0x109 a:/programming/embedded/drive/imt_sdk/imt_sdk_win_64/winavr/bin/../lib/gcc/avr/4.3.3/avr5\libgcc.a(_sf_to_si.o)
 .debug_line    0x00000911       0x90 a:/programming/embedded/drive/imt_sdk/imt_sdk_win_64/winavr/bin/../lib/gcc/avr/4.3.3/avr5\libgcc.a(_thenan_sf.o)
 .debug_line    0x000009a1      0x18a a:/programming/embedded/drive/imt_sdk/imt_sdk_win_64/winavr/bin/../lib/gcc/avr/4.3.3/avr5\libgcc.a(_pack_sf.o)
 .debug_line    0x00000b2b      0x14b a:/programming/embedded/drive/imt_sdk/imt_sdk_win_64/winavr/bin/../lib/gcc/avr/4.3.3/avr5\libgcc.a(_unpack_sf.o)
 .debug_line    0x00000c76      0x137 a:/programming/embedded/drive/imt_sdk/imt_sdk_win_64/winavr/bin/../lib/gcc/avr/4.3.3/avr5\libgcc.a(_fpcmp_parts_sf.o)

.debug_frame    0x00000000      0x160
 *(.debug_frame)
 .debug_frame   0x00000000       0x20 a:/programming/embedded/drive/imt_sdk/imt_sdk_win_64/winavr/bin/../lib/gcc/avr/4.3.3/avr5\libgcc.a(_fixunssfsi.o)
 .debug_frame   0x00000020       0x40 a:/programming/embedded/drive/imt_sdk/imt_sdk_win_64/winavr/bin/../lib/gcc/avr/4.3.3/avr5\libgcc.a(_addsub_sf.o)
 .debug_frame   0x00000060       0x20 a:/programming/embedded/drive/imt_sdk/imt_sdk_win_64/winavr/bin/../lib/gcc/avr/4.3.3/avr5\libgcc.a(_mul_sf.o)
 .debug_frame   0x00000080       0x20 a:/programming/embedded/drive/imt_sdk/imt_sdk_win_64/winavr/bin/../lib/gcc/avr/4.3.3/avr5\libgcc.a(_gt_sf.o)
 .debug_frame   0x000000a0       0x20 a:/programming/embedded/drive/imt_sdk/imt_sdk_win_64/winavr/bin/../lib/gcc/avr/4.3.3/avr5\libgcc.a(_ge_sf.o)
 .debug_frame   0x000000c0       0x20 a:/programming/embedded/drive/imt_sdk/imt_sdk_win_64/winavr/bin/../lib/gcc/avr/4.3.3/avr5\libgcc.a(_lt_sf.o)
 .debug_frame   0x000000e0       0x20 a:/programming/embedded/drive/imt_sdk/imt_sdk_win_64/winavr/bin/../lib/gcc/avr/4.3.3/avr5\libgcc.a(_sf_to_si.o)
 .debug_frame   0x00000100       0x20 a:/programming/embedded/drive/imt_sdk/imt_sdk_win_64/winavr/bin/../lib/gcc/avr/4.3.3/avr5\libgcc.a(_pack_sf.o)
 .debug_frame   0x00000120       0x20 a:/programming/embedded/drive/imt_sdk/imt_sdk_win_64/winavr/bin/../lib/gcc/avr/4.3.3/avr5\libgcc.a(_unpack_sf.o)
 .debug_frame   0x00000140       0x20 a:/programming/embedded/drive/imt_sdk/imt_sdk_win_64/winavr/bin/../lib/gcc/avr/4.3.3/avr5\libgcc.a(_fpcmp_parts_sf.o)

.debug_str      0x00000000      0x28d
 *(.debug_str)
 .debug_str     0x00000000       0xbf a:/programming/embedded/drive/imt_sdk/imt_sdk_win_64/winavr/bin/../lib/gcc/avr/4.3.3/avr5\libgcc.a(_fixunssfsi.o)
                                 0xfe (size before relaxing)
 .debug_str     0x000000bf      0x14d a:/programming/embedded/drive/imt_sdk/imt_sdk_win_64/winavr/bin/../lib/gcc/avr/4.3.3/avr5\libgcc.a(_addsub_sf.o)
                                0x206 (size before relaxing)
 .debug_str     0x0000020c       0x27 a:/programming/embedded/drive/imt_sdk/imt_sdk_win_64/winavr/bin/../lib/gcc/avr/4.3.3/avr5\libgcc.a(_mul_sf.o)
                                0x1bf (size before relaxing)
 .debug_str     0x00000233        0xf a:/programming/embedded/drive/imt_sdk/imt_sdk_win_64/winavr/bin/../lib/gcc/avr/4.3.3/avr5\libgcc.a(_gt_sf.o)
                                0x195 (size before relaxing)
 .debug_str     0x00000242        0x8 a:/programming/embedded/drive/imt_sdk/imt_sdk_win_64/winavr/bin/../lib/gcc/avr/4.3.3/avr5\libgcc.a(_ge_sf.o)
                                0x195 (size before relaxing)
 .debug_str     0x0000024a        0x8 a:/programming/embedded/drive/imt_sdk/imt_sdk_win_64/winavr/bin/../lib/gcc/avr/4.3.3/avr5\libgcc.a(_lt_sf.o)
                                0x195 (size before relaxing)
 .debug_str     0x00000252        0xa a:/programming/embedded/drive/imt_sdk/imt_sdk_win_64/winavr/bin/../lib/gcc/avr/4.3.3/avr5\libgcc.a(_sf_to_si.o)
                                0x19e (size before relaxing)
 .debug_str     0x00000000      0x103 a:/programming/embedded/drive/imt_sdk/imt_sdk_win_64/winavr/bin/../lib/gcc/avr/4.3.3/avr5\libgcc.a(_thenan_sf.o)
 .debug_str     0x0000025c       0x16 a:/programming/embedded/drive/imt_sdk/imt_sdk_win_64/winavr/bin/../lib/gcc/avr/4.3.3/avr5\libgcc.a(_pack_sf.o)
                                0x19d (size before relaxing)
 .debug_str     0x00000272        0xb a:/programming/embedded/drive/imt_sdk/imt_sdk_win_64/winavr/bin/../lib/gcc/avr/4.3.3/avr5\libgcc.a(_unpack_sf.o)
                                0x17f (size before relaxing)
 .debug_str     0x0000027d       0x10 a:/programming/embedded/drive/imt_sdk/imt_sdk_win_64/winavr/bin/../lib/gcc/avr/4.3.3/avr5\libgcc.a(_fpcmp_parts_sf.o)
                                0x163 (size before relaxing)

.debug_loc      0x00000000      0x7ce
 *(.debug_loc)
 .debug_loc     0x00000000       0x34 a:/programming/embedded/drive/imt_sdk/imt_sdk_win_64/winavr/bin/../lib/gcc/avr/4.3.3/avr5\libgcc.a(_fixunssfsi.o)
 .debug_loc     0x00000034      0x32a a:/programming/embedded/drive/imt_sdk/imt_sdk_win_64/winavr/bin/../lib/gcc/avr/4.3.3/avr5\libgcc.a(_addsub_sf.o)
 .debug_loc     0x0000035e      0x104 a:/programming/embedded/drive/imt_sdk/imt_sdk_win_64/winavr/bin/../lib/gcc/avr/4.3.3/avr5\libgcc.a(_mul_sf.o)
 .debug_loc     0x00000462       0x3c a:/programming/embedded/drive/imt_sdk/imt_sdk_win_64/winavr/bin/../lib/gcc/avr/4.3.3/avr5\libgcc.a(_gt_sf.o)
 .debug_loc     0x0000049e       0x3c a:/programming/embedded/drive/imt_sdk/imt_sdk_win_64/winavr/bin/../lib/gcc/avr/4.3.3/avr5\libgcc.a(_ge_sf.o)
 .debug_loc     0x000004da       0x3c a:/programming/embedded/drive/imt_sdk/imt_sdk_win_64/winavr/bin/../lib/gcc/avr/4.3.3/avr5\libgcc.a(_lt_sf.o)
 .debug_loc     0x00000516       0x7e a:/programming/embedded/drive/imt_sdk/imt_sdk_win_64/winavr/bin/../lib/gcc/avr/4.3.3/avr5\libgcc.a(_sf_to_si.o)
 .debug_loc     0x00000594      0x13e a:/programming/embedded/drive/imt_sdk/imt_sdk_win_64/winavr/bin/../lib/gcc/avr/4.3.3/avr5\libgcc.a(_pack_sf.o)
 .debug_loc     0x000006d2       0xac a:/programming/embedded/drive/imt_sdk/imt_sdk_win_64/winavr/bin/../lib/gcc/avr/4.3.3/avr5\libgcc.a(_unpack_sf.o)
 .debug_loc     0x0000077e       0x50 a:/programming/embedded/drive/imt_sdk/imt_sdk_win_64/winavr/bin/../lib/gcc/avr/4.3.3/avr5\libgcc.a(_fpcmp_parts_sf.o)

.debug_macinfo
 *(.debug_macinfo)
OUTPUT(AVR_Drivers.elf elf32-avr)
LOAD linker stubs

.debug_ranges   0x00000000       0x50
 .debug_ranges  0x00000000       0x50 a:/programming/embedded/drive/imt_sdk/imt_sdk_win_64/winavr/bin/../lib/gcc/avr/4.3.3/avr5\libgcc.a(_mul_sf.o)
