Archive member included because of file (symbol)

c:/winavr-20100110/bin/../lib/gcc/avr/4.3.3/avr5\libgcc.a(_udivmodqi4.o)
                              ./SRC/HAL/Lcd/Lcd.o (__udivmodqi4)
c:/winavr-20100110/bin/../lib/gcc/avr/4.3.3/avr5\libgcc.a(_exit.o)
                              c:/winavr-20100110/bin/../lib/gcc/avr/4.3.3/../../../../avr/lib/avr5/crtm32.o (exit)
c:/winavr-20100110/bin/../lib/gcc/avr/4.3.3/avr5\libgcc.a(_copy_data.o)
                              ./SRC/HAL/seg_7/Seg_7.o (__do_copy_data)
c:/winavr-20100110/bin/../lib/gcc/avr/4.3.3/avr5\libgcc.a(_clear_bss.o)
                              ./SRC/MCAL/UART/UART.o (__do_clear_bss)

Allocating common symbols
Common symbol       size              file

Global_u8WaveFormGenerationMode
                    0x2               ./SRC/MCAL/TIMER/TIMER.o
Loc_u8BigDelayValueCounterMaxValue
                    0x1               ./SRC/MCAL/TIMER/TIMER.o

Memory Configuration

Name             Origin             Length             Attributes
text             0x00000000         0x00020000         xr
data             0x00800060         0x0000ffa0         rw !x
eeprom           0x00810000         0x00010000         rw !x
fuse             0x00820000         0x00000400         rw !x
lock             0x00830000         0x00000400         rw !x
signature        0x00840000         0x00000400         rw !x
*default*        0x00000000         0xffffffff

Linker script and memory map

LOAD c:/winavr-20100110/bin/../lib/gcc/avr/4.3.3/../../../../avr/lib/avr5/crtm32.o
LOAD ./SRC/MCAL/UART/UART.o
LOAD ./SRC/MCAL/TIMER/TIMER.o
LOAD ./SRC/MCAL/SPI/SPI.o
LOAD ./SRC/MCAL/GIE/GIE.o
LOAD ./SRC/MCAL/EXTINT/EXTINT.o
LOAD ./SRC/MCAL/DIO/DIO.o
LOAD ./SRC/MCAL/DIO/DIO_cfg.o
LOAD ./SRC/MCAL/ADC/ADC.o
LOAD ./SRC/HAL/seg_7/Seg_7.o
LOAD ./SRC/HAL/Stepper/Stepper.o
LOAD ./SRC/HAL/Led/Led.o
LOAD ./SRC/HAL/Lcd/Lcd.o
LOAD ./SRC/HAL/Keypad/Keypad.o
LOAD ./SRC/HAL/Button/Button.o
LOAD ./SRC/APP/draft.o
LOAD ./SRC/APP/main.o
LOAD ./SRC/APP/main2.o
LOAD ./SRC/APP/semicolon.o
LOAD ./.metadata/.plugins/org.eclipse.cdt.make.core/specs.o
LOAD c:/winavr-20100110/bin/../lib/gcc/avr/4.3.3/avr5\libgcc.a
LOAD c:/winavr-20100110/bin/../lib/gcc/avr/4.3.3/../../../../avr/lib/avr5\libc.a
LOAD c:/winavr-20100110/bin/../lib/gcc/avr/4.3.3/avr5\libgcc.a

.hash
 *(.hash)

.dynsym
 *(.dynsym)

.dynstr
 *(.dynstr)

.gnu.version
 *(.gnu.version)

.gnu.version_d
 *(.gnu.version_d)

.gnu.version_r
 *(.gnu.version_r)

.rel.init
 *(.rel.init)

.rela.init
 *(.rela.init)

.rel.text
 *(.rel.text)
 *(.rel.text.*)
 *(.rel.gnu.linkonce.t*)

.rela.text
 *(.rela.text)
 *(.rela.text.*)
 *(.rela.gnu.linkonce.t*)

.rel.fini
 *(.rel.fini)

.rela.fini
 *(.rela.fini)

.rel.rodata
 *(.rel.rodata)
 *(.rel.rodata.*)
 *(.rel.gnu.linkonce.r*)

.rela.rodata
 *(.rela.rodata)
 *(.rela.rodata.*)
 *(.rela.gnu.linkonce.r*)

.rel.data
 *(.rel.data)
 *(.rel.data.*)
 *(.rel.gnu.linkonce.d*)

.rela.data
 *(.rela.data)
 *(.rela.data.*)
 *(.rela.gnu.linkonce.d*)

.rel.ctors
 *(.rel.ctors)

.rela.ctors
 *(.rela.ctors)

.rel.dtors
 *(.rel.dtors)

.rela.dtors
 *(.rela.dtors)

.rel.got
 *(.rel.got)

.rela.got
 *(.rela.got)

.rel.bss
 *(.rel.bss)

.rela.bss
 *(.rela.bss)

.rel.plt
 *(.rel.plt)

.rela.plt
 *(.rela.plt)

.text           0x00000000     0x1950
 *(.vectors)
 .vectors       0x00000000       0x54 c:/winavr-20100110/bin/../lib/gcc/avr/4.3.3/../../../../avr/lib/avr5/crtm32.o
                0x00000000                __vectors
                0x00000000                __vector_default
 *(.vectors)
 *(.progmem.gcc*)
 *(.progmem*)
                0x00000054                . = ALIGN (0x2)
                0x00000054                __trampolines_start = .
 *(.trampolines)
 .trampolines   0x00000054        0x0 linker stubs
 *(.trampolines*)
                0x00000054                __trampolines_end = .
 *(.jumptables)
 *(.jumptables*)
 *(.lowtext)
 *(.lowtext*)
                0x00000054                __ctors_start = .
 *(.ctors)
                0x00000054                __ctors_end = .
                0x00000054                __dtors_start = .
 *(.dtors)
                0x00000054                __dtors_end = .
 SORT(*)(.ctors)
 SORT(*)(.dtors)
 *(.init0)
 .init0         0x00000054        0x0 c:/winavr-20100110/bin/../lib/gcc/avr/4.3.3/../../../../avr/lib/avr5/crtm32.o
                0x00000054                __init
 *(.init0)
 *(.init1)
 *(.init1)
 *(.init2)
 .init2         0x00000054        0xc c:/winavr-20100110/bin/../lib/gcc/avr/4.3.3/../../../../avr/lib/avr5/crtm32.o
 *(.init2)
 *(.init3)
 *(.init3)
 *(.init4)
 .init4         0x00000060       0x16 c:/winavr-20100110/bin/../lib/gcc/avr/4.3.3/avr5\libgcc.a(_copy_data.o)
                0x00000060                __do_copy_data
 .init4         0x00000076       0x10 c:/winavr-20100110/bin/../lib/gcc/avr/4.3.3/avr5\libgcc.a(_clear_bss.o)
                0x00000076                __do_clear_bss
 *(.init4)
 *(.init5)
 *(.init5)
 *(.init6)
 *(.init6)
 *(.init7)
 *(.init7)
 *(.init8)
 *(.init8)
 *(.init9)
 .init9         0x00000086        0x8 c:/winavr-20100110/bin/../lib/gcc/avr/4.3.3/../../../../avr/lib/avr5/crtm32.o
 *(.init9)
 *(.text)
 .text          0x0000008e        0x4 c:/winavr-20100110/bin/../lib/gcc/avr/4.3.3/../../../../avr/lib/avr5/crtm32.o
                0x0000008e                __vector_1
                0x0000008e                __vector_12
                0x0000008e                __bad_interrupt
                0x0000008e                __vector_6
                0x0000008e                __vector_3
                0x0000008e                __vector_13
                0x0000008e                __vector_17
                0x0000008e                __vector_19
                0x0000008e                __vector_5
                0x0000008e                __vector_4
                0x0000008e                __vector_9
                0x0000008e                __vector_2
                0x0000008e                __vector_15
                0x0000008e                __vector_8
                0x0000008e                __vector_14
                0x0000008e                __vector_10
                0x0000008e                __vector_16
                0x0000008e                __vector_18
                0x0000008e                __vector_20
 .text          0x00000092        0x0 ./SRC/MCAL/UART/UART.o
 .text          0x00000092        0x0 ./SRC/MCAL/TIMER/TIMER.o
 .text          0x00000092        0x0 ./SRC/MCAL/SPI/SPI.o
 .text          0x00000092        0x0 ./SRC/MCAL/GIE/GIE.o
 .text          0x00000092        0x0 ./SRC/MCAL/EXTINT/EXTINT.o
 .text          0x00000092        0x0 ./SRC/MCAL/DIO/DIO.o
 .text          0x00000092        0x0 ./SRC/MCAL/DIO/DIO_cfg.o
 .text          0x00000092        0x0 ./SRC/MCAL/ADC/ADC.o
 .text          0x00000092        0x0 ./SRC/HAL/seg_7/Seg_7.o
 .text          0x00000092        0x0 ./SRC/HAL/Stepper/Stepper.o
 .text          0x00000092        0x0 ./SRC/HAL/Led/Led.o
 .text          0x00000092        0x0 ./SRC/HAL/Lcd/Lcd.o
 .text          0x00000092        0x0 ./SRC/HAL/Keypad/Keypad.o
 .text          0x00000092        0x0 ./SRC/HAL/Button/Button.o
 .text          0x00000092        0x0 ./SRC/APP/draft.o
 .text          0x00000092        0x0 ./SRC/APP/main.o
 .text          0x00000092        0x0 ./SRC/APP/main2.o
 .text          0x00000092        0x0 ./SRC/APP/semicolon.o
 .text          0x00000092        0x0 ./.metadata/.plugins/org.eclipse.cdt.make.core/specs.o
 .text          0x00000092        0x0 c:/winavr-20100110/bin/../lib/gcc/avr/4.3.3/avr5\libgcc.a(_udivmodqi4.o)
 .text          0x00000092        0x0 c:/winavr-20100110/bin/../lib/gcc/avr/4.3.3/avr5\libgcc.a(_exit.o)
 .text          0x00000092        0x0 c:/winavr-20100110/bin/../lib/gcc/avr/4.3.3/avr5\libgcc.a(_copy_data.o)
 .text          0x00000092        0x0 c:/winavr-20100110/bin/../lib/gcc/avr/4.3.3/avr5\libgcc.a(_clear_bss.o)
                0x00000092                . = ALIGN (0x2)
 *(.text.*)
 .text.UART_voidInit
                0x00000092      0x164 ./SRC/MCAL/UART/UART.o
                0x00000092                UART_voidInit
 .text.UART_voidSendChar
                0x000001f6        0xe ./SRC/MCAL/UART/UART.o
                0x000001f6                UART_voidSendChar
 .text.UART_u8GetChar
                0x00000204        0xe ./SRC/MCAL/UART/UART.o
                0x00000204                UART_u8GetChar
 .text.TIMER_voidTimerInit
                0x00000212      0x4e6 ./SRC/MCAL/TIMER/TIMER.o
                0x00000212                TIMER_voidTimerInit
 .text.TIMER_voidPwmOn
                0x000006f8       0x54 ./SRC/MCAL/TIMER/TIMER.o
                0x000006f8                TIMER_voidPwmOn
 .text.TIMER_voidTimer1SetTopValue
                0x0000074c       0x10 ./SRC/MCAL/TIMER/TIMER.o
                0x0000074c                TIMER_voidTimer1SetTopValue
 .text.TIMER_voidCTCcfg
                0x0000075c       0x3a ./SRC/MCAL/TIMER/TIMER.o
                0x0000075c                TIMER_voidCTCcfg
 .text.TIMER_voidTimerOff
                0x00000796       0x34 ./SRC/MCAL/TIMER/TIMER.o
                0x00000796                TIMER_voidTimerOff
 .text.TIMER_voidTimerOn
                0x000007ca      0x156 ./SRC/MCAL/TIMER/TIMER.o
                0x000007ca                TIMER_voidTimerOn
 .text.SPI_voidInit
                0x00000920       0x72 ./SRC/MCAL/SPI/SPI.o
                0x00000920                SPI_voidInit
 .text.SPI_u8Tranceive
                0x00000992       0x1c ./SRC/MCAL/SPI/SPI.o
                0x00000992                SPI_u8Tranceive
 .text.GIE_voidGlobalInterruptEnable
                0x000009ae        0x8 ./SRC/MCAL/GIE/GIE.o
                0x000009ae                GIE_voidGlobalInterruptEnable
 .text.GIE_voidGlobalInterruptDisable
                0x000009b6        0x8 ./SRC/MCAL/GIE/GIE.o
                0x000009b6                GIE_voidGlobalInterruptDisable
 .text.EXTINT_voidDisable
                0x000009be       0x2e ./SRC/MCAL/EXTINT/EXTINT.o
                0x000009be                EXTINT_voidDisable
 .text.EXTINT_voidEnable
                0x000009ec      0x14a ./SRC/MCAL/EXTINT/EXTINT.o
                0x000009ec                EXTINT_voidEnable
 .text.DIO_enuSetPinValue
                0x00000b36       0xf8 ./SRC/MCAL/DIO/DIO.o
                0x00000b36                DIO_enuSetPinValue
 .text.DIO_enuSetPinDirection
                0x00000c2e       0xf8 ./SRC/MCAL/DIO/DIO.o
                0x00000c2e                DIO_enuSetPinDirection
 .text.DIO_u8GetPinValue
                0x00000d26       0x42 ./SRC/MCAL/DIO/DIO.o
                0x00000d26                DIO_u8GetPinValue
 .text.DIO_enuSetPortDirection
                0x00000d68       0x2e ./SRC/MCAL/DIO/DIO.o
                0x00000d68                DIO_enuSetPortDirection
 .text.DIO_enuSetPortValue
                0x00000d96       0x2e ./SRC/MCAL/DIO/DIO.o
                0x00000d96                DIO_enuSetPortValue
 .text.ADC_voidInit
                0x00000dc4       0x14 ./SRC/MCAL/ADC/ADC.o
                0x00000dc4                ADC_voidInit
 .text.ADC_voidGetRead
                0x00000dd8       0x2e ./SRC/MCAL/ADC/ADC.o
                0x00000dd8                ADC_voidGetRead
 .text.ADC_voidDisable
                0x00000e06        0x4 ./SRC/MCAL/ADC/ADC.o
                0x00000e06                ADC_voidDisable
 .text.Seg_vidOn
                0x00000e0a       0x2a ./SRC/HAL/seg_7/Seg_7.o
                0x00000e0a                Seg_vidOn
 .text.Seg_vidInit
                0x00000e34        0xe ./SRC/HAL/seg_7/Seg_7.o
                0x00000e34                Seg_vidInit
 .text.Stepper_voidOn
                0x00000e42       0xa0 ./SRC/HAL/Stepper/Stepper.o
                0x00000e42                Stepper_voidOn
 .text.Stepper_voidInit
                0x00000ee2       0x24 ./SRC/HAL/Stepper/Stepper.o
                0x00000ee2                Stepper_voidInit
 .text.Led_vidToggle
                0x00000f06       0x34 ./SRC/HAL/Led/Led.o
                0x00000f06                Led_vidToggle
 .text.Led_vidOff
                0x00000f3a       0x2a ./SRC/HAL/Led/Led.o
                0x00000f3a                Led_vidOff
 .text.Led_vidOn
                0x00000f64       0x2a ./SRC/HAL/Led/Led.o
                0x00000f64                Led_vidOn
 .text.Led_vidLedInit
                0x00000f8e       0x10 ./SRC/HAL/Led/Led.o
                0x00000f8e                Led_vidLedInit
 .text.Lcd_vidEnablePulse
                0x00000f9e       0x2c ./SRC/HAL/Lcd/Lcd.o
                0x00000f9e                Lcd_vidEnablePulse
 .text.Lcd_vidSendData
                0x00000fca       0x2e ./SRC/HAL/Lcd/Lcd.o
                0x00000fca                Lcd_vidSendData
 .text.Lcd_WriteNumber
                0x00000ff8       0xa8 ./SRC/HAL/Lcd/Lcd.o
                0x00000ff8                Lcd_WriteNumber
 .text.Lcd_WriteString
                0x000010a0       0x32 ./SRC/HAL/Lcd/Lcd.o
                0x000010a0                Lcd_WriteString
 .text.Lcd_WriteLetter
                0x000010d2        0xa ./SRC/HAL/Lcd/Lcd.o
                0x000010d2                Lcd_WriteLetter
 .text.Lcd_vidSendCommand
                0x000010dc       0x2e ./SRC/HAL/Lcd/Lcd.o
                0x000010dc                Lcd_vidSendCommand
 .text.Lcd_GotoPosition
                0x0000110a       0x1e ./SRC/HAL/Lcd/Lcd.o
                0x0000110a                Lcd_GotoPosition
 .text.Lcd_CLR  0x00001128        0x8 ./SRC/HAL/Lcd/Lcd.o
                0x00001128                Lcd_CLR
 .text.Lcd_vidInit
                0x00001130       0x82 ./SRC/HAL/Lcd/Lcd.o
                0x00001130                Lcd_vidInit
 .text.Keypad_u8GetPressedKey
                0x000011b2       0xc6 ./SRC/HAL/Keypad/Keypad.o
                0x000011b2                Keypad_u8GetPressedKey
 .text.Keypad_vidInit
                0x00001278       0x20 ./SRC/HAL/Keypad/Keypad.o
                0x00001278                Keypad_vidInit
 .text.Button_u8ButtonRead
                0x00001298       0x4e ./SRC/HAL/Button/Button.o
                0x00001298                Button_u8ButtonRead
 .text.Button_vidButtonInit
                0x000012e6       0x28 ./SRC/HAL/Button/Button.o
                0x000012e6                Button_vidButtonInit
 .text.__vector_7
                0x0000130e       0x5e ./SRC/APP/semicolon.o
                0x0000130e                __vector_7
 .text.RTC_voidUpdateClockTime
                0x0000136c       0x46 ./SRC/APP/semicolon.o
                0x0000136c                RTC_voidUpdateClockTime
 .text.RTC_u8SetClockTime
                0x000013b2      0x16e ./SRC/APP/semicolon.o
                0x000013b2                RTC_u8SetClockTime
 .text.RTC_voidDisplay
                0x00001520      0x15a ./SRC/APP/semicolon.o
                0x00001520                RTC_voidDisplay
 .text.__vector_11
                0x0000167a       0xdc ./SRC/APP/semicolon.o
                0x0000167a                __vector_11
 .text.main     0x00001756      0x1de ./SRC/APP/semicolon.o
                0x00001756                main
 .text.libgcc   0x00001934       0x18 c:/winavr-20100110/bin/../lib/gcc/avr/4.3.3/avr5\libgcc.a(_udivmodqi4.o)
                0x00001934                __udivmodqi4
 .text.libgcc   0x0000194c        0x0 c:/winavr-20100110/bin/../lib/gcc/avr/4.3.3/avr5\libgcc.a(_exit.o)
 .text.libgcc   0x0000194c        0x0 c:/winavr-20100110/bin/../lib/gcc/avr/4.3.3/avr5\libgcc.a(_copy_data.o)
 .text.libgcc   0x0000194c        0x0 c:/winavr-20100110/bin/../lib/gcc/avr/4.3.3/avr5\libgcc.a(_clear_bss.o)
                0x0000194c                . = ALIGN (0x2)
 *(.fini9)
 .fini9         0x0000194c        0x0 c:/winavr-20100110/bin/../lib/gcc/avr/4.3.3/avr5\libgcc.a(_exit.o)
                0x0000194c                exit
                0x0000194c                _exit
 *(.fini9)
 *(.fini8)
 *(.fini8)
 *(.fini7)
 *(.fini7)
 *(.fini6)
 *(.fini6)
 *(.fini5)
 *(.fini5)
 *(.fini4)
 *(.fini4)
 *(.fini3)
 *(.fini3)
 *(.fini2)
 *(.fini2)
 *(.fini1)
 *(.fini1)
 *(.fini0)
 .fini0         0x0000194c        0x4 c:/winavr-20100110/bin/../lib/gcc/avr/4.3.3/avr5\libgcc.a(_exit.o)
 *(.fini0)
                0x00001950                _etext = .

.data           0x00800060       0xb6 load address 0x00001950
                0x00800060                PROVIDE (__data_start, .)
 *(.data)
 .data          0x00800060        0x0 c:/winavr-20100110/bin/../lib/gcc/avr/4.3.3/../../../../avr/lib/avr5/crtm32.o
 .data          0x00800060        0x0 ./SRC/MCAL/UART/UART.o
 .data          0x00800060        0x0 ./SRC/MCAL/TIMER/TIMER.o
 .data          0x00800060        0x0 ./SRC/MCAL/SPI/SPI.o
 .data          0x00800060        0x0 ./SRC/MCAL/GIE/GIE.o
 .data          0x00800060        0x0 ./SRC/MCAL/EXTINT/EXTINT.o
 .data          0x00800060        0x0 ./SRC/MCAL/DIO/DIO.o
 .data          0x00800060        0x0 ./SRC/MCAL/DIO/DIO_cfg.o
 .data          0x00800060        0x0 ./SRC/MCAL/ADC/ADC.o
 .data          0x00800060        0x0 ./SRC/HAL/seg_7/Seg_7.o
 .data          0x00800060        0x0 ./SRC/HAL/Stepper/Stepper.o
 .data          0x00800060        0x0 ./SRC/HAL/Led/Led.o
 .data          0x00800060        0x0 ./SRC/HAL/Lcd/Lcd.o
 .data          0x00800060        0x0 ./SRC/HAL/Keypad/Keypad.o
 .data          0x00800060        0x0 ./SRC/HAL/Button/Button.o
 .data          0x00800060        0x0 ./SRC/APP/draft.o
 .data          0x00800060        0x0 ./SRC/APP/main.o
 .data          0x00800060        0x0 ./SRC/APP/main2.o
 .data          0x00800060        0x0 ./SRC/APP/semicolon.o
 .data          0x00800060        0x0 ./.metadata/.plugins/org.eclipse.cdt.make.core/specs.o
 .data          0x00800060        0x0 c:/winavr-20100110/bin/../lib/gcc/avr/4.3.3/avr5\libgcc.a(_udivmodqi4.o)
 .data          0x00800060        0x0 c:/winavr-20100110/bin/../lib/gcc/avr/4.3.3/avr5\libgcc.a(_exit.o)
 .data          0x00800060        0x0 c:/winavr-20100110/bin/../lib/gcc/avr/4.3.3/avr5\libgcc.a(_copy_data.o)
 .data          0x00800060        0x0 c:/winavr-20100110/bin/../lib/gcc/avr/4.3.3/avr5\libgcc.a(_clear_bss.o)
 *(.data*)
 .data.segment_7
                0x00800060        0xa ./SRC/HAL/seg_7/Seg_7.o
                0x00800060                segment_7
 .data.Keypad_arrCfg
                0x0080006a       0x10 ./SRC/HAL/Keypad/Keypad.o
                0x0080006a                Keypad_arrCfg
 .data.segments
                0x0080007a        0x1 ./SRC/APP/semicolon.o
                0x0080007a                segments
 .data.Lcd1     0x0080007b        0x5 ./SRC/APP/semicolon.o
                0x0080007b                Lcd1
 .data.Keypad1  0x00800080        0x1 ./SRC/APP/semicolon.o
                0x00800080                Keypad1
 .data.Intro_line1
                0x00800081        0xe ./SRC/APP/semicolon.o
                0x00800081                Intro_line1
 .data.Intro_line2
                0x0080008f        0xe ./SRC/APP/semicolon.o
                0x0080008f                Intro_line2
 .data.EnterHours
                0x0080009d        0xe ./SRC/APP/semicolon.o
                0x0080009d                EnterHours
 .data.EnterMin
                0x008000ab        0xd ./SRC/APP/semicolon.o
                0x008000ab                EnterMin
 .data.EnterSec
                0x008000b8        0xd ./SRC/APP/semicolon.o
                0x008000b8                EnterSec
 .data.InClockMode
                0x008000c5        0xb ./SRC/APP/semicolon.o
                0x008000c5                InClockMode
 .data.ClockModeExit
                0x008000d0        0xe ./SRC/APP/semicolon.o
                0x008000d0                ClockModeExit
 .data.ThankYou
                0x008000de        0x7 ./SRC/APP/semicolon.o
                0x008000de                ThankYou
 .data.InTimerMode
                0x008000e5        0xb ./SRC/APP/semicolon.o
                0x008000e5                InTimerMode
 .data.TimerModeExit
                0x008000f0       0x10 ./SRC/APP/semicolon.o
                0x008000f0                TimerModeExit
 .data.WrongChoice
                0x00800100        0xf ./SRC/APP/semicolon.o
                0x00800100                WrongChoice
 *(.rodata)
 *(.rodata*)
 .rodata.C.21.1510
                0x0080010f        0x6 ./SRC/APP/semicolon.o
 *(.gnu.linkonce.d*)
                0x00800116                . = ALIGN (0x2)
 *fill*         0x00800115        0x1 00
                0x00800116                _edata = .
                0x00800116                PROVIDE (__data_end, .)

.bss            0x00800116       0x13
                0x00800116                PROVIDE (__bss_start, .)
 *(.bss)
 .bss           0x00800116        0x0 c:/winavr-20100110/bin/../lib/gcc/avr/4.3.3/../../../../avr/lib/avr5/crtm32.o
 .bss           0x00800116        0x0 ./SRC/MCAL/UART/UART.o
 .bss           0x00800116        0x0 ./SRC/MCAL/TIMER/TIMER.o
 .bss           0x00800116        0x0 ./SRC/MCAL/SPI/SPI.o
 .bss           0x00800116        0x0 ./SRC/MCAL/GIE/GIE.o
 .bss           0x00800116        0x0 ./SRC/MCAL/EXTINT/EXTINT.o
 .bss           0x00800116        0x0 ./SRC/MCAL/DIO/DIO.o
 .bss           0x00800116        0x0 ./SRC/MCAL/DIO/DIO_cfg.o
 .bss           0x00800116        0x0 ./SRC/MCAL/ADC/ADC.o
 .bss           0x00800116        0x0 ./SRC/HAL/seg_7/Seg_7.o
 .bss           0x00800116        0x0 ./SRC/HAL/Stepper/Stepper.o
 .bss           0x00800116        0x0 ./SRC/HAL/Led/Led.o
 .bss           0x00800116        0x0 ./SRC/HAL/Lcd/Lcd.o
 .bss           0x00800116        0x0 ./SRC/HAL/Keypad/Keypad.o
 .bss           0x00800116        0x0 ./SRC/HAL/Button/Button.o
 .bss           0x00800116        0x0 ./SRC/APP/draft.o
 .bss           0x00800116        0x0 ./SRC/APP/main.o
 .bss           0x00800116        0x0 ./SRC/APP/main2.o
 .bss           0x00800116        0x0 ./SRC/APP/semicolon.o
 .bss           0x00800116        0x0 ./.metadata/.plugins/org.eclipse.cdt.make.core/specs.o
 .bss           0x00800116        0x0 c:/winavr-20100110/bin/../lib/gcc/avr/4.3.3/avr5\libgcc.a(_udivmodqi4.o)
 .bss           0x00800116        0x0 c:/winavr-20100110/bin/../lib/gcc/avr/4.3.3/avr5\libgcc.a(_exit.o)
 .bss           0x00800116        0x0 c:/winavr-20100110/bin/../lib/gcc/avr/4.3.3/avr5\libgcc.a(_copy_data.o)
 .bss           0x00800116        0x0 c:/winavr-20100110/bin/../lib/gcc/avr/4.3.3/avr5\libgcc.a(_clear_bss.o)
 *(.bss*)
 .bss.Global_u8UBRRH_Value
                0x00800116        0x1 ./SRC/MCAL/UART/UART.o
                0x00800116                Global_u8UBRRH_Value
 .bss.Global_u8UCSRC_Value
                0x00800117        0x1 ./SRC/MCAL/UART/UART.o
                0x00800117                Global_u8UCSRC_Value
 .bss.Global_u16TimerClockPrescalerValue
                0x00800118        0x2 ./SRC/MCAL/TIMER/TIMER.o
                0x00800118                Global_u16TimerClockPrescalerValue
 .bss.Global_u8TickTimeValue
                0x0080011a        0x4 ./SRC/MCAL/TIMER/TIMER.o
                0x0080011a                Global_u8TickTimeValue
 .bss.Global_u16PeriodicTimeValue
                0x0080011e        0x4 ./SRC/MCAL/TIMER/TIMER.o
                0x0080011e                Global_u16PeriodicTimeValue
 .bss.Global_u8Seconds
                0x00800122        0x1 ./SRC/APP/semicolon.o
                0x00800122                Global_u8Seconds
 .bss.Global_u8Hours
                0x00800123        0x1 ./SRC/APP/semicolon.o
                0x00800123                Global_u8Hours
 .bss.Global_u8Minutes
                0x00800124        0x1 ./SRC/APP/semicolon.o
                0x00800124                Global_u8Minutes
 .bss.Global_u8SegNo
                0x00800125        0x1 ./SRC/APP/semicolon.o
                0x00800125                Global_u8SegNo
 *(COMMON)
 COMMON         0x00800126        0x3 ./SRC/MCAL/TIMER/TIMER.o
                0x00800126                Global_u8WaveFormGenerationMode
                0x00800128                Loc_u8BigDelayValueCounterMaxValue
                0x00800129                PROVIDE (__bss_end, .)
                0x00001950                __data_load_start = LOADADDR (.data)
                0x00001a06                __data_load_end = (__data_load_start + SIZEOF (.data))

.noinit         0x00800129        0x0
                0x00800129                PROVIDE (__noinit_start, .)
 *(.noinit*)
                0x00800129                PROVIDE (__noinit_end, .)
                0x00800129                _end = .
                0x00800129                PROVIDE (__heap_start, .)

.eeprom         0x00810000        0x0
 *(.eeprom*)
                0x00810000                __eeprom_end = .

.fuse
 *(.fuse)
 *(.lfuse)
 *(.hfuse)
 *(.efuse)

.lock
 *(.lock*)

.signature
 *(.signature*)

.stab
 *(.stab)

.stabstr
 *(.stabstr)

.stab.excl
 *(.stab.excl)

.stab.exclstr
 *(.stab.exclstr)

.stab.index
 *(.stab.index)

.stab.indexstr
 *(.stab.indexstr)

.comment
 *(.comment)

.debug
 *(.debug)

.line
 *(.line)

.debug_srcinfo
 *(.debug_srcinfo)

.debug_sfnames
 *(.debug_sfnames)

.debug_aranges
 *(.debug_aranges)

.debug_pubnames
 *(.debug_pubnames)

.debug_info
 *(.debug_info)
 *(.gnu.linkonce.wi.*)

.debug_abbrev
 *(.debug_abbrev)

.debug_line
 *(.debug_line)

.debug_frame
 *(.debug_frame)

.debug_str
 *(.debug_str)

.debug_loc
 *(.debug_loc)

.debug_macinfo
 *(.debug_macinfo)
OUTPUT(AVR_Drivers.elf elf32-avr)
LOAD linker stubs
